// Vitest Snapshot v1, https://vitest.dev/guide/snapshot.html

exports[`Lexer - Line Continuation > should handle + as line continuation and + as unary string concatenation correctly 1`] = `
[
  {
    "kind": "IdentifierToken",
    "length": 5,
    "start": 0,
    "text": "Local",
    "trailing": [
      {
        "kind": "SpaceToken",
        "length": 1,
        "start": 5,
        "text": " ",
      },
    ],
  },
  {
    "kind": "ColonToken",
    "length": 1,
    "start": 6,
    "text": ":",
    "trailing": [
      {
        "kind": "SpaceToken",
        "length": 1,
        "start": 7,
        "text": " ",
      },
    ],
  },
  {
    "kind": "IdentifierToken",
    "length": 5,
    "start": 8,
    "text": "Field",
    "trailing": [
      {
        "kind": "SpaceToken",
        "length": 1,
        "start": 13,
        "text": " ",
      },
    ],
  },
  {
    "kind": "ColonToken",
    "length": 1,
    "start": 14,
    "text": ":",
    "trailing": [
      {
        "kind": "SpaceToken",
        "length": 1,
        "start": 15,
        "text": " ",
      },
    ],
  },
  {
    "kind": "IdentifierToken",
    "length": 7,
    "start": 16,
    "text": "Purpose",
    "trailing": [
      {
        "kind": "SpaceToken",
        "length": 1,
        "start": 23,
        "text": " ",
      },
    ],
  },
  {
    "kind": "ColonToken",
    "length": 1,
    "start": 24,
    "text": ":",
    "trailing": [
      {
        "kind": "SpaceToken",
        "length": 1,
        "start": 25,
        "text": " ",
      },
    ],
  },
  {
    "kind": "IdentifierToken",
    "length": 4,
    "start": 26,
    "text": "Info",
    "trailing": [
      {
        "kind": "SpaceToken",
        "length": 1,
        "start": 30,
        "text": " ",
      },
    ],
  },
  {
    "kind": "ColonToken",
    "length": 1,
    "start": 31,
    "text": ":",
    "trailing": [
      {
        "kind": "SpaceToken",
        "length": 1,
        "start": 32,
        "text": " ",
      },
    ],
  },
  {
    "kind": "StringLiteralToken",
    "length": 9,
    "start": 33,
    "text": ""Line 1 "",
    "trailing": [
      {
        "kind": "SpaceToken",
        "length": 1,
        "start": 42,
        "text": " ",
      },
    ],
  },
  {
    "kind": "LineContinuationToken",
    "length": 1,
    "start": 43,
    "text": "+",
    "trailing": [
      {
        "kind": "LineFeed",
        "length": 1,
        "start": 44,
        "text": "
",
      },
    ],
  },
  {
    "kind": "PlusToken",
    "leading": [
      {
        "kind": "SpaceToken",
        "length": 12,
        "start": 45,
        "text": "            ",
      },
    ],
    "length": 1,
    "start": 57,
    "text": "+",
    "trailing": [
      {
        "kind": "SpaceToken",
        "length": 1,
        "start": 58,
        "text": " ",
      },
    ],
  },
  {
    "kind": "StringLiteralToken",
    "length": 9,
    "start": 59,
    "text": ""Line 2 "",
    "trailing": [
      {
        "kind": "SpaceToken",
        "length": 1,
        "start": 68,
        "text": " ",
      },
    ],
  },
  {
    "kind": "LineContinuationToken",
    "length": 1,
    "start": 69,
    "text": "+",
    "trailing": [
      {
        "kind": "LineFeed",
        "length": 1,
        "start": 70,
        "text": "
",
      },
    ],
  },
  {
    "kind": "PlusToken",
    "leading": [
      {
        "kind": "SpaceToken",
        "length": 12,
        "start": 71,
        "text": "            ",
      },
    ],
    "length": 1,
    "start": 83,
    "text": "+",
    "trailing": [
      {
        "kind": "SpaceToken",
        "length": 1,
        "start": 84,
        "text": " ",
      },
    ],
  },
  {
    "kind": "StringLiteralToken",
    "length": 8,
    "start": 85,
    "text": ""Line 3"",
  },
  {
    "kind": "EndOfFileToken",
    "length": 0,
    "start": 93,
    "text": "",
  },
]
`;

exports[`Lexer - Line Continuation > should tokenize + and newlines correctly 1`] = `
[
  {
    "kind": "NumberToken",
    "length": 2,
    "start": 0,
    "text": "01",
    "trailing": [
      {
        "kind": "SpaceToken",
        "length": 1,
        "start": 2,
        "text": " ",
      },
    ],
  },
  {
    "kind": "ColonToken",
    "length": 1,
    "start": 3,
    "text": ":",
    "trailing": [
      {
        "kind": "SpaceToken",
        "length": 1,
        "start": 4,
        "text": " ",
      },
    ],
  },
  {
    "kind": "IdentifierToken",
    "length": 6,
    "start": 5,
    "text": "Action",
    "trailing": [
      {
        "kind": "SpaceToken",
        "length": 1,
        "start": 11,
        "text": " ",
      },
    ],
  },
  {
    "kind": "ColonToken",
    "length": 1,
    "start": 12,
    "text": ":",
    "trailing": [
      {
        "kind": "SpaceToken",
        "length": 1,
        "start": 13,
        "text": " ",
      },
    ],
  },
  {
    "kind": "IdentifierToken",
    "length": 4,
    "start": 14,
    "text": "Arg1",
  },
  {
    "kind": "CommaToken",
    "length": 1,
    "start": 18,
    "text": ",",
    "trailing": [
      {
        "kind": "SpaceToken",
        "length": 1,
        "start": 19,
        "text": " ",
      },
    ],
  },
  {
    "kind": "IdentifierToken",
    "length": 4,
    "start": 20,
    "text": "Arg2",
  },
  {
    "kind": "CommaToken",
    "length": 1,
    "start": 24,
    "text": ",",
    "trailing": [
      {
        "kind": "SpaceToken",
        "length": 1,
        "start": 25,
        "text": " ",
      },
    ],
  },
  {
    "kind": "LineContinuationToken",
    "length": 1,
    "start": 26,
    "text": "+",
    "trailing": [
      {
        "kind": "LineFeed",
        "length": 1,
        "start": 27,
        "text": "
",
      },
    ],
  },
  {
    "kind": "IdentifierToken",
    "leading": [
      {
        "kind": "SpaceToken",
        "length": 18,
        "start": 28,
        "text": "                  ",
      },
    ],
    "length": 4,
    "start": 46,
    "text": "Arg3",
  },
  {
    "kind": "EndOfFileToken",
    "length": 0,
    "start": 50,
    "text": "",
  },
]
`;
