// Vitest Snapshot v1, https://vitest.dev/guide/snapshot.html

exports[`Parser Complex Attributes Tests > Parse Complex Attributes (Function, var, field) 1`] = `
{
  "comments": [],
  "definitions": [
    {
      "attributes": [
        {
          "closeName": undefined,
          "colon": {
            "FullStart": 32,
            "Kind": 205,
            "Leading": [],
            "Length": 1,
            "Start": 32,
            "Text": ":",
            "Trailing": [
              {
                "FullStart": 33,
                "Kind": 601,
                "Leading": [],
                "Length": 1,
                "Start": 33,
                "Text": " ",
                "Trailing": [],
              },
            ],
          },
          "end": 56,
          "isAdd": false,
          "isDelete": false,
          "isIncomplete": false,
          "isLocal": false,
          "isReplace": false,
          "kind": 2,
          "name": {
            "end": 32,
            "isIncomplete": false,
            "kind": 3,
            "start": 26,
            "text": "Set As",
            "tokens": [
              {
                "FullStart": 18,
                "Kind": 600,
                "Leading": [
                  {
                    "FullStart": 18,
                    "Kind": 601,
                    "Leading": [],
                    "Length": 8,
                    "Start": 18,
                    "Text": "        ",
                    "Trailing": [],
                  },
                ],
                "Length": 3,
                "Start": 26,
                "Text": "Set",
                "Trailing": [
                  {
                    "FullStart": 29,
                    "Kind": 601,
                    "Leading": [],
                    "Length": 1,
                    "Start": 29,
                    "Text": " ",
                    "Trailing": [],
                  },
                ],
              },
              {
                "FullStart": 30,
                "Kind": 600,
                "Leading": [],
                "Length": 2,
                "Start": 30,
                "Text": "As",
                "Trailing": [],
              },
            ],
          },
          "start": 26,
          "value": [
            {
              "arguments": [
                {
                  "end": 56,
                  "fieldName": {
                    "end": 56,
                    "isIncomplete": false,
                    "kind": 3,
                    "start": 47,
                    "text": "FieldName",
                    "tokens": [
                      {
                        "FullStart": 47,
                        "Kind": 600,
                        "Leading": [],
                        "Length": 9,
                        "Start": 47,
                        "Text": "FieldName",
                        "Trailing": [
                          {
                            "FullStart": 56,
                            "Kind": 6,
                            "Leading": [],
                            "Length": 1,
                            "Start": 56,
                            "Text": "
",
                            "Trailing": [],
                          },
                        ],
                      },
                    ],
                  },
                  "kind": 8,
                  "start": 46,
                },
              ],
              "end": 56,
              "functionName": {
                "end": 43,
                "isIncomplete": false,
                "kind": 3,
                "start": 36,
                "text": "IsEmpty",
                "tokens": [
                  {
                    "FullStart": 36,
                    "Kind": 600,
                    "Leading": [],
                    "Length": 7,
                    "Start": 36,
                    "Text": "IsEmpty",
                    "Trailing": [
                      {
                        "FullStart": 43,
                        "Kind": 601,
                        "Leading": [],
                        "Length": 1,
                        "Start": 43,
                        "Text": " ",
                        "Trailing": [],
                      },
                    ],
                  },
                ],
              },
              "kind": 7,
              "start": 34,
            },
          ],
        },
        {
          "closeName": undefined,
          "colon": {
            "FullStart": 71,
            "Kind": 205,
            "Leading": [],
            "Length": 1,
            "Start": 71,
            "Text": ":",
            "Trailing": [
              {
                "FullStart": 72,
                "Kind": 601,
                "Leading": [],
                "Length": 1,
                "Start": 72,
                "Text": " ",
                "Trailing": [],
              },
            ],
          },
          "end": 83,
          "isAdd": false,
          "isDelete": false,
          "isIncomplete": false,
          "isLocal": false,
          "isReplace": false,
          "kind": 2,
          "name": {
            "end": 71,
            "isIncomplete": false,
            "kind": 3,
            "start": 65,
            "text": "Set By",
            "tokens": [
              {
                "FullStart": 57,
                "Kind": 600,
                "Leading": [
                  {
                    "FullStart": 57,
                    "Kind": 601,
                    "Leading": [],
                    "Length": 8,
                    "Start": 57,
                    "Text": "        ",
                    "Trailing": [],
                  },
                ],
                "Length": 3,
                "Start": 65,
                "Text": "Set",
                "Trailing": [
                  {
                    "FullStart": 68,
                    "Kind": 601,
                    "Leading": [],
                    "Length": 1,
                    "Start": 68,
                    "Text": " ",
                    "Trailing": [],
                  },
                ],
              },
              {
                "FullStart": 69,
                "Kind": 600,
                "Leading": [],
                "Length": 2,
                "Start": 69,
                "Text": "By",
                "Trailing": [],
              },
            ],
          },
          "start": 65,
          "value": [
            {
              "end": 83,
              "kind": 9,
              "start": 73,
              "variableName": {
                "end": 83,
                "isIncomplete": false,
                "kind": 3,
                "start": 75,
                "text": "Variable",
                "tokens": [
                  {
                    "FullStart": 75,
                    "Kind": 600,
                    "Leading": [],
                    "Length": 8,
                    "Start": 75,
                    "Text": "Variable",
                    "Trailing": [
                      {
                        "FullStart": 83,
                        "Kind": 6,
                        "Leading": [],
                        "Length": 1,
                        "Start": 83,
                        "Text": "
",
                        "Trailing": [],
                      },
                    ],
                  },
                ],
              },
            },
          ],
        },
        {
          "closeName": undefined,
          "colon": {
            "FullStart": 97,
            "Kind": 205,
            "Leading": [],
            "Length": 1,
            "Start": 97,
            "Text": ":",
            "Trailing": [
              {
                "FullStart": 98,
                "Kind": 601,
                "Leading": [],
                "Length": 1,
                "Start": 98,
                "Text": " ",
                "Trailing": [],
              },
            ],
          },
          "end": 101,
          "isAdd": false,
          "isDelete": false,
          "isIncomplete": false,
          "isLocal": false,
          "isReplace": false,
          "kind": 2,
          "name": {
            "end": 97,
            "isIncomplete": false,
            "kind": 3,
            "start": 92,
            "text": "Width",
            "tokens": [
              {
                "FullStart": 84,
                "Kind": 600,
                "Leading": [
                  {
                    "FullStart": 84,
                    "Kind": 601,
                    "Leading": [],
                    "Length": 8,
                    "Start": 84,
                    "Text": "        ",
                    "Trailing": [],
                  },
                ],
                "Length": 5,
                "Start": 92,
                "Text": "Width",
                "Trailing": [],
              },
            ],
          },
          "start": 92,
          "value": [
            {
              "end": 101,
              "kind": 4,
              "start": 99,
              "token": {
                "FullStart": 99,
                "Kind": 603,
                "Leading": [],
                "Length": 2,
                "Start": 99,
                "Text": "10",
                "Trailing": [
                  {
                    "FullStart": 101,
                    "Kind": 6,
                    "Leading": [],
                    "Length": 1,
                    "Start": 101,
                    "Text": "
",
                    "Trailing": [],
                  },
                ],
              },
              "value": 10,
            },
          ],
        },
      ],
      "closeBracket": {
        "FullStart": 16,
        "Kind": 101,
        "Leading": [],
        "Length": 1,
        "Start": 16,
        "Text": "]",
        "Trailing": [
          {
            "FullStart": 17,
            "Kind": 6,
            "Leading": [],
            "Length": 1,
            "Start": 17,
            "Text": "
",
            "Trailing": [],
          },
        ],
      },
      "closeType": undefined,
      "colon": {
        "FullStart": 7,
        "Kind": 205,
        "Leading": [],
        "Length": 1,
        "Start": 7,
        "Text": ":",
        "Trailing": [
          {
            "FullStart": 8,
            "Kind": 601,
            "Leading": [],
            "Length": 1,
            "Start": 8,
            "Text": " ",
            "Trailing": [],
          },
        ],
      },
      "complexObjects": [],
      "directives": [],
      "end": 101,
      "isAdd": false,
      "isDelete": false,
      "isIncomplete": false,
      "isLocal": false,
      "isReplace": false,
      "kind": 1,
      "modifier": undefined,
      "name": {
        "end": 16,
        "isIncomplete": false,
        "kind": 3,
        "start": 9,
        "text": "complex",
        "tokens": [
          {
            "FullStart": 9,
            "Kind": 600,
            "Leading": [],
            "Length": 7,
            "Start": 9,
            "Text": "complex",
            "Trailing": [],
          },
        ],
      },
      "nameCanonical": undefined,
      "openBracket": {
        "FullStart": 0,
        "Kind": 100,
        "Leading": [],
        "Length": 1,
        "Start": 0,
        "Text": "[",
        "Trailing": [],
      },
      "start": 0,
      "statements": [],
      "type": {
        "end": 7,
        "isIncomplete": false,
        "kind": 3,
        "start": 1,
        "text": "Report",
        "tokens": [
          {
            "FullStart": 1,
            "Kind": 600,
            "Leading": [],
            "Length": 6,
            "Start": 1,
            "Text": "Report",
            "Trailing": [],
          },
        ],
      },
    },
  ],
  "end": 110,
  "errors": [],
  "kind": 0,
  "lineOffsets": [
    0,
    18,
    57,
    84,
    102,
  ],
  "start": 0,
  "tokens": [
    {
      "FullStart": 0,
      "Kind": 100,
      "Leading": [],
      "Length": 1,
      "Start": 0,
      "Text": "[",
      "Trailing": [],
    },
    {
      "FullStart": 1,
      "Kind": 600,
      "Leading": [],
      "Length": 6,
      "Start": 1,
      "Text": "Report",
      "Trailing": [],
    },
    {
      "FullStart": 7,
      "Kind": 205,
      "Leading": [],
      "Length": 1,
      "Start": 7,
      "Text": ":",
      "Trailing": [
        {
          "FullStart": 8,
          "Kind": 601,
          "Leading": [],
          "Length": 1,
          "Start": 8,
          "Text": " ",
          "Trailing": [],
        },
      ],
    },
    {
      "FullStart": 9,
      "Kind": 600,
      "Leading": [],
      "Length": 7,
      "Start": 9,
      "Text": "complex",
      "Trailing": [],
    },
    {
      "FullStart": 16,
      "Kind": 101,
      "Leading": [],
      "Length": 1,
      "Start": 16,
      "Text": "]",
      "Trailing": [
        {
          "FullStart": 17,
          "Kind": 6,
          "Leading": [],
          "Length": 1,
          "Start": 17,
          "Text": "
",
          "Trailing": [],
        },
      ],
    },
    {
      "FullStart": 18,
      "Kind": 600,
      "Leading": [
        {
          "FullStart": 18,
          "Kind": 601,
          "Leading": [],
          "Length": 8,
          "Start": 18,
          "Text": "        ",
          "Trailing": [],
        },
      ],
      "Length": 3,
      "Start": 26,
      "Text": "Set",
      "Trailing": [
        {
          "FullStart": 29,
          "Kind": 601,
          "Leading": [],
          "Length": 1,
          "Start": 29,
          "Text": " ",
          "Trailing": [],
        },
      ],
    },
    {
      "FullStart": 30,
      "Kind": 600,
      "Leading": [],
      "Length": 2,
      "Start": 30,
      "Text": "As",
      "Trailing": [],
    },
    {
      "FullStart": 32,
      "Kind": 205,
      "Leading": [],
      "Length": 1,
      "Start": 32,
      "Text": ":",
      "Trailing": [
        {
          "FullStart": 33,
          "Kind": 601,
          "Leading": [],
          "Length": 1,
          "Start": 33,
          "Text": " ",
          "Trailing": [],
        },
      ],
    },
    {
      "FullStart": 34,
      "Kind": 204,
      "Leading": [],
      "Length": 2,
      "Start": 34,
      "Text": "$$",
      "Trailing": [],
    },
    {
      "FullStart": 36,
      "Kind": 600,
      "Leading": [],
      "Length": 7,
      "Start": 36,
      "Text": "IsEmpty",
      "Trailing": [
        {
          "FullStart": 43,
          "Kind": 601,
          "Leading": [],
          "Length": 1,
          "Start": 43,
          "Text": " ",
          "Trailing": [],
        },
      ],
    },
    {
      "FullStart": 44,
      "Kind": 205,
      "Leading": [],
      "Length": 1,
      "Start": 44,
      "Text": ":",
      "Trailing": [
        {
          "FullStart": 45,
          "Kind": 601,
          "Leading": [],
          "Length": 1,
          "Start": 45,
          "Text": " ",
          "Trailing": [],
        },
      ],
    },
    {
      "FullStart": 46,
      "Kind": 104,
      "Leading": [],
      "Length": 1,
      "Start": 46,
      "Text": "#",
      "Trailing": [],
    },
    {
      "FullStart": 47,
      "Kind": 600,
      "Leading": [],
      "Length": 9,
      "Start": 47,
      "Text": "FieldName",
      "Trailing": [
        {
          "FullStart": 56,
          "Kind": 6,
          "Leading": [],
          "Length": 1,
          "Start": 56,
          "Text": "
",
          "Trailing": [],
        },
      ],
    },
    {
      "FullStart": 57,
      "Kind": 600,
      "Leading": [
        {
          "FullStart": 57,
          "Kind": 601,
          "Leading": [],
          "Length": 8,
          "Start": 57,
          "Text": "        ",
          "Trailing": [],
        },
      ],
      "Length": 3,
      "Start": 65,
      "Text": "Set",
      "Trailing": [
        {
          "FullStart": 68,
          "Kind": 601,
          "Leading": [],
          "Length": 1,
          "Start": 68,
          "Text": " ",
          "Trailing": [],
        },
      ],
    },
    {
      "FullStart": 69,
      "Kind": 600,
      "Leading": [],
      "Length": 2,
      "Start": 69,
      "Text": "By",
      "Trailing": [],
    },
    {
      "FullStart": 71,
      "Kind": 205,
      "Leading": [],
      "Length": 1,
      "Start": 71,
      "Text": ":",
      "Trailing": [
        {
          "FullStart": 72,
          "Kind": 601,
          "Leading": [],
          "Length": 1,
          "Start": 72,
          "Text": " ",
          "Trailing": [],
        },
      ],
    },
    {
      "FullStart": 73,
      "Kind": 202,
      "Leading": [],
      "Length": 2,
      "Start": 73,
      "Text": "##",
      "Trailing": [],
    },
    {
      "FullStart": 75,
      "Kind": 600,
      "Leading": [],
      "Length": 8,
      "Start": 75,
      "Text": "Variable",
      "Trailing": [
        {
          "FullStart": 83,
          "Kind": 6,
          "Leading": [],
          "Length": 1,
          "Start": 83,
          "Text": "
",
          "Trailing": [],
        },
      ],
    },
    {
      "FullStart": 84,
      "Kind": 600,
      "Leading": [
        {
          "FullStart": 84,
          "Kind": 601,
          "Leading": [],
          "Length": 8,
          "Start": 84,
          "Text": "        ",
          "Trailing": [],
        },
      ],
      "Length": 5,
      "Start": 92,
      "Text": "Width",
      "Trailing": [],
    },
    {
      "FullStart": 97,
      "Kind": 205,
      "Leading": [],
      "Length": 1,
      "Start": 97,
      "Text": ":",
      "Trailing": [
        {
          "FullStart": 98,
          "Kind": 601,
          "Leading": [],
          "Length": 1,
          "Start": 98,
          "Text": " ",
          "Trailing": [],
        },
      ],
    },
    {
      "FullStart": 99,
      "Kind": 603,
      "Leading": [],
      "Length": 2,
      "Start": 99,
      "Text": "10",
      "Trailing": [
        {
          "FullStart": 101,
          "Kind": 6,
          "Leading": [],
          "Length": 1,
          "Start": 101,
          "Text": "
",
          "Trailing": [],
        },
      ],
    },
    {
      "FullStart": 102,
      "Kind": 1,
      "Leading": [
        {
          "FullStart": 102,
          "Kind": 601,
          "Leading": [],
          "Length": 8,
          "Start": 102,
          "Text": "        ",
          "Trailing": [],
        },
      ],
      "Length": 8,
      "Start": 110,
      "Text": "",
      "Trailing": [],
    },
  ],
}
`;
